// Jest Snapshot v1, https://goo.gl/fbAQLP

exports[`User GraphQL query user renders all fields 1`] = `
Object {
  "authProviders": Array [
    "google",
  ],
  "email": "test@email.com",
  "id": "5cbe7a1777201aa79d52fcf1",
  "profile": Object {
    "image": "https://avatar.com/1",
    "name": "Some Name",
  },
}
`;
